// Jest Snapshot v1, https://goo.gl/fbAQLP

exports[`App should render readme 1`] = `
"# the-one-with-test-coverage

Example repo that has a simplistic server implementation and multiple variations of tests around it.

The goal is to provide pratical examples of testing patterns that can help you improve the quality of teste coverage in your test suite.

"
`;
